// Jest Snapshot v1, https://goo.gl/fbAQLP

exports[`open and close window of the product close on click 1`] = `
<div>
  <div
    class="item"
    name="item"
  >
    <img
      alt="The Alchemic Carbine"
      class="item-img"
      src="Alchemic_Carbine_Icon.png"
    />
    <div
      class="price-name"
    >
      <h4>
        The Alchemic Carbine
      </h4>
      <img
        alt="gold-coin"
        class="gold-icon"
        src="Gold_Currency_Icon.png"
      />
      2000
    </div>
  </div>
</div>
`;

exports[`open and close window of the product pop up on click 1`] = `false`;

exports[`open and close window of the product without item click content 1`] = `
<div>
  <div
    class="item"
    name="item"
  >
    <img
      alt="The Alchemic Carbine"
      class="item-img"
      src="Alchemic_Carbine_Icon.png"
    />
    <div
      class="price-name"
    >
      <h4>
        The Alchemic Carbine
      </h4>
      <img
        alt="gold-coin"
        class="gold-icon"
        src="Gold_Currency_Icon.png"
      />
      2000
    </div>
  </div>
</div>
`;
